Java HotSpot(TM) 64-Bit Server VM (25.101-b13) for linux-amd64 JRE (1.8.0_101-b13), built on Jun 22 2016 02:59:44 by "java_re" with gcc 4.3.0 20080428 (Red Hat 4.3.0-8)
Memory: 4k page, physical 6007316k(1072400k free), swap 4194300k(3817708k free)
CommandLine flags: -XX:+DisableExplicitGC -XX:InitialHeapSize=1073741824 -XX:InitiatingHeapOccupancyPercent=35 -XX:+ManagementServer -XX:MaxGCPauseMillis=20 -XX:MaxHeapSize=1073741824 -XX:+PrintGC -XX:+PrintGCDateStamps -XX:+PrintGCDetails -XX:+PrintGCTimeStamps -XX:+UseCompressedClassPointers -XX:+UseCompressedOops -XX:+UseG1GC 
2016-08-15T13:08:32.379+0200: 2,706: [GC pause (G1 Evacuation Pause) (young), 0,0118859 secs]
   [Parallel Time: 7,3 ms, GC Workers: 4]
      [GC Worker Start (ms): Min: 2706,4, Avg: 2706,5, Max: 2706,5, Diff: 0,1]
      [Ext Root Scanning (ms): Min: 1,1, Avg: 2,0, Max: 3,9, Diff: 2,8, Sum: 7,8]
      [Update RS (ms): Min: 0,0, Avg: 0,0, Max: 0,0, Diff: 0,0, Sum: 0,0]
         [Processed Buffers: Min: 0, Avg: 0,0, Max: 0, Diff: 0, Sum: 0]
      [Scan RS (ms): Min: 0,0, Avg: 0,0, Max: 0,0, Diff: 0,0, Sum: 0,0]
      [Code Root Scanning (ms): Min: 0,0, Avg: 0,2, Max: 0,4, Diff: 0,4, Sum: 0,6]
      [Object Copy (ms): Min: 2,6, Avg: 4,6, Max: 5,5, Diff: 2,9, Sum: 18,2]
      [Termination (ms): Min: 0,0, Avg: 0,4, Max: 0,7, Diff: 0,7, Sum: 1,8]
         [Termination Attempts: Min: 1, Avg: 3,2, Max: 8, Diff: 7, Sum: 13]
      [GC Worker Other (ms): Min: 0,0, Avg: 0,0, Max: 0,0, Diff: 0,0, Sum: 0,1]
      [GC Worker Total (ms): Min: 7,1, Avg: 7,1, Max: 7,2, Diff: 0,1, Sum: 28,5]
      [GC Worker End (ms): Min: 2713,6, Avg: 2713,6, Max: 2713,6, Diff: 0,0]
   [Code Root Fixup: 0,1 ms]
   [Code Root Purge: 0,0 ms]
   [Clear CT: 0,2 ms]
   [Other: 4,3 ms]
      [Choose CSet: 0,0 ms]
      [Ref Proc: 3,9 ms]
      [Ref Enq: 0,0 ms]
      [Redirty Cards: 0,0 ms]
      [Humongous Register: 0,0 ms]
      [Humongous Reclaim: 0,0 ms]
      [Free CSet: 0,1 ms]
   [Eden: 51,0M(51,0M)->0,0B(44,0M) Survivors: 0,0B->7168,0K Heap: 179,0M(1024,0M)->136,4M(1024,0M)]
 [Times: user=0,02 sys=0,00, real=0,01 secs] 
2016-08-15T13:09:27.090+0200: 57,417: [GC pause (G1 Evacuation Pause) (young), 0,0111439 secs]
   [Parallel Time: 6,9 ms, GC Workers: 4]
      [GC Worker Start (ms): Min: 57417,1, Avg: 57417,3, Max: 57417,7, Diff: 0,6]
      [Ext Root Scanning (ms): Min: 0,4, Avg: 1,1, Max: 1,8, Diff: 1,5, Sum: 4,2]
      [Update RS (ms): Min: 0,0, Avg: 0,1, Max: 0,2, Diff: 0,2, Sum: 0,3]
         [Processed Buffers: Min: 0, Avg: 0,5, Max: 1, Diff: 1, Sum: 2]
      [Scan RS (ms): Min: 0,0, Avg: 0,0, Max: 0,0, Diff: 0,0, Sum: 0,0]
      [Code Root Scanning (ms): Min: 0,0, Avg: 0,5, Max: 1,6, Diff: 1,6, Sum: 1,9]
      [Object Copy (ms): Min: 3,7, Avg: 5,0, Max: 5,7, Diff: 1,9, Sum: 19,9]
      [Termination (ms): Min: 0,0, Avg: 0,0, Max: 0,0, Diff: 0,0, Sum: 0,0]
         [Termination Attempts: Min: 1, Avg: 11,5, Max: 19, Diff: 18, Sum: 46]
      [GC Worker Other (ms): Min: 0,0, Avg: 0,0, Max: 0,0, Diff: 0,0, Sum: 0,1]
      [GC Worker Total (ms): Min: 6,2, Avg: 6,6, Max: 6,8, Diff: 0,6, Sum: 26,6]
      [GC Worker End (ms): Min: 57424,0, Avg: 57424,0, Max: 57424,0, Diff: 0,0]
   [Code Root Fixup: 0,4 ms]
   [Code Root Purge: 0,0 ms]
   [Clear CT: 0,1 ms]
   [Other: 3,8 ms]
      [Choose CSet: 0,0 ms]
      [Ref Proc: 3,4 ms]
      [Ref Enq: 0,0 ms]
      [Redirty Cards: 0,0 ms]
      [Humongous Register: 0,1 ms]
      [Humongous Reclaim: 0,0 ms]
      [Free CSet: 0,1 ms]
   [Eden: 44,0M(44,0M)->0,0B(44,0M) Survivors: 7168,0K->7168,0K Heap: 180,4M(1024,0M)->139,1M(1024,0M)]
 [Times: user=0,03 sys=0,00, real=0,01 secs] 
2016-08-15T13:11:32.803+0200: 183,130: [GC pause (Metadata GC Threshold) (young) (initial-mark), 0,0093818 secs]
   [Parallel Time: 7,5 ms, GC Workers: 4]
      [GC Worker Start (ms): Min: 183130,5, Avg: 183130,5, Max: 183130,6, Diff: 0,1]
      [Ext Root Scanning (ms): Min: 1,7, Avg: 2,3, Max: 3,4, Diff: 1,7, Sum: 9,2]
      [Update RS (ms): Min: 0,0, Avg: 0,2, Max: 0,2, Diff: 0,2, Sum: 0,7]
         [Processed Buffers: Min: 0, Avg: 1,0, Max: 2, Diff: 2, Sum: 4]
      [Scan RS (ms): Min: 0,0, Avg: 0,1, Max: 0,2, Diff: 0,2, Sum: 0,3]
      [Code Root Scanning (ms): Min: 0,0, Avg: 0,4, Max: 0,8, Diff: 0,8, Sum: 1,5]
      [Object Copy (ms): Min: 3,9, Avg: 4,4, Max: 4,8, Diff: 1,0, Sum: 17,5]
      [Termination (ms): Min: 0,0, Avg: 0,0, Max: 0,0, Diff: 0,0, Sum: 0,0]
         [Termination Attempts: Min: 1, Avg: 1,0, Max: 1, Diff: 0, Sum: 4]
      [GC Worker Other (ms): Min: 0,0, Avg: 0,0, Max: 0,0, Diff: 0,0, Sum: 0,1]
      [GC Worker Total (ms): Min: 7,3, Avg: 7,3, Max: 7,3, Diff: 0,1, Sum: 29,2]
      [GC Worker End (ms): Min: 183137,8, Avg: 183137,8, Max: 183137,8, Diff: 0,0]
   [Code Root Fixup: 0,6 ms]
   [Code Root Purge: 0,0 ms]
   [Clear CT: 0,4 ms]
   [Other: 0,9 ms]
      [Choose CSet: 0,0 ms]
      [Ref Proc: 0,4 ms]
      [Ref Enq: 0,0 ms]
      [Redirty Cards: 0,1 ms]
      [Humongous Register: 0,1 ms]
      [Humongous Reclaim: 0,0 ms]
      [Free CSet: 0,1 ms]
   [Eden: 8192,0K(44,0M)->0,0B(48,0M) Survivors: 7168,0K->3072,0K Heap: 146,4M(1024,0M)->139,9M(1024,0M)]
 [Times: user=0,03 sys=0,00, real=0,01 secs] 
2016-08-15T13:11:32.812+0200: 183,140: [GC concurrent-root-region-scan-start]
2016-08-15T13:11:32.816+0200: 183,143: [GC concurrent-root-region-scan-end, 0,0035869 secs]
2016-08-15T13:11:32.816+0200: 183,143: [GC concurrent-mark-start]
2016-08-15T13:11:32.826+0200: 183,153: [GC concurrent-mark-end, 0,0098459 secs]
2016-08-15T13:11:32.826+0200: 183,153: [GC remark 2016-08-15T13:11:32.826+0200: 183,153: [Finalize Marking, 0,0002511 secs] 2016-08-15T13:11:32.826+0200: 183,154: [GC ref-proc, 0,0000934 secs] 2016-08-15T13:11:32.826+0200: 183,154: [Unloading, 0,0047505 secs], 0,0063926 secs]
 [Times: user=0,02 sys=0,00, real=0,00 secs] 
2016-08-15T13:11:32.832+0200: 183,160: [GC cleanup 140M->136M(1024M), 0,0011703 secs]
 [Times: user=0,00 sys=0,00, real=0,00 secs] 
2016-08-15T13:11:32.834+0200: 183,161: [GC concurrent-cleanup-start]
2016-08-15T13:11:32.834+0200: 183,161: [GC concurrent-cleanup-end, 0,0000215 secs]
Heap
 garbage-first heap   total 1048576K, used 154565K [0x00000000c0000000, 0x00000000c0102000, 0x0000000100000000)
  region size 1024K, 19 young (19456K), 3 survivors (3072K)
 Metaspace       used 22265K, capacity 22468K, committed 22576K, reserved 1069056K
  class space    used 3254K, capacity 3328K, committed 3376K, reserved 1048576K
